// Jest Snapshot v1, https://goo.gl/fbAQLP

exports[`Layout 컴포넌트 테스트. Layout의 header가 렌더링됩니다. 1`] = `
"<div className=\\"header\\">
  <div className=\\"title\\">
    <div className=\\"colorFont\\">
      WeatherCrawler
    </div>
  </div>
  <div className=\\"board\\">
    <div onClick={[Function: goDashBoard]} className=\\"colorFont dashBoard\\">
      DashBoard
    </div>
    <div onClick={[Function: goLogin]} className=\\"colorFont login\\">
      Login
    </div>
  </div>
</div>"
`;
