// Jest Snapshot v1, https://goo.gl/fbAQLP

exports[`LoginForm 컴포넌트 테스트. LoginForm 컴포넌트가 렌더링됩니다. 1`] = `
"<div className=\\"loginFormContainer\\">
  <form id=\\"loginForm\\" className=\\"loginForm\\">
    <label className=\\"labelId\\" htmlFor=\\"idInputId\\">
      아이디
    </label>
    <input value=\\"\\" onChange={[Function: onChangeId]} className=\\"inputId\\" id=\\"idInputId\\" />
    <label className=\\"labelPassword\\" htmlFor=\\"idInputPassword\\">
      비밀번호
    </label>
    <input value=\\"\\" onChange={[Function: onChangePassword]} type=\\"password\\" className=\\"inputPassword\\" id=\\"idInputPassword\\" />
    <div className=\\"loginButton\\" onClick={[Function: requestLogin]}>
      로그인
    </div>
  </form>
  <div className=\\"notice\\">
    <div>
       로그인 시 만든 카드가 저장됩니다.
    </div>
    <div>
      이미 있는 아이디라면 로그인 합니다.
    </div>
    <div>
      기존에 없는 아이디라면 회원가입 후 합니다.
    </div>
  </div>
</div>"
`;
