// Jest Snapshot v1, https://goo.gl/fbAQLP

exports[`DashBoard 컴포넌트 테스트. DashBoard가 정상적으로 렌더링됩니다. 1`] = `
"<div className=\\"dashboardContainer\\">
  <div className=\\"cardContainer\\">
    <div className=\\"noCardNoticeContainer\\">
      <div className=\\"noCardNotice\\">
        카드가 없습니다.
      </div>
      <div className=\\"noCardNotice\\">
        파일 생성을 위해 로그인 하거나, 카드를 생성하세요
      </div>
    </div>
  </div>
  <div className=\\"buttonsContainer\\">
    <div className=\\"empty\\" />
    <CreateCardButton>
      <div className=\\"createCardContainer\\" onClick={[Function: moveDashboardPage]}>
        <div className=\\"createCard\\">
          새 카드 만들기
        </div>
      </div>
    </CreateCardButton>
  </div>
</div>"
`;
